[khaddo.learnhunter.xyz/category_product.html]
[backblue.gif]
[fade.gif]
[index.html]
[khaddo.learnhunter.xyz/img/favicon.png]
[khaddo.learnhunter.xyz/font/icons.css]
[khaddo.learnhunter.xyz/font/fontawesome/css/all.css]
[khaddo.learnhunter.xyz/css/bootstrap.min.css]
[khaddo.learnhunter.xyz/css/owl.carousel.min.css]
[khaddo.learnhunter.xyz/css/smoothproducts.css]
[khaddo.learnhunter.xyz/css/timePic.css]
[khaddo.learnhunter.xyz/css/style.css]
[khaddo.learnhunter.xyz/css/responsive.css]
[khaddo.learnhunter.xyz/img/Pizza spinning.gif]
[khaddo.learnhunter.xyz/img/icon/fon.png]
[khaddo.learnhunter.xyz/index.html]
[khaddo.learnhunter.xyz/img/logo.png]
[khaddo.learnhunter.xyz/single_product.html]
[khaddo.learnhunter.xyz/blog.html]
[khaddo.learnhunter.xyz/blog-single.html]
[khaddo.learnhunter.xyz/checkout.html]
[khaddo.learnhunter.xyz/cart.html]
[khaddo.learnhunter.xyz/wishlist.html]
[khaddo.learnhunter.xyz/profile.html]
[khaddo.learnhunter.xyz/contact.html]
[khaddo.learnhunter.xyz/login.html]
[khaddo.learnhunter.xyz/img/icon/chair.svg]
[khaddo.learnhunter.xyz/img/icon/icon-basket.png]
[khaddo.learnhunter.xyz/img/product/7-600x600.png]
[khaddo.learnhunter.xyz/img/product/pizza_2.png]
[khaddo.learnhunter.xyz/img/icon/shopping-cart.svg]
[khaddo.learnhunter.xyz/img/icon/menu.svg]
[khaddo.learnhunter.xyz/img/icon/home.svg]
[khaddo.learnhunter.xyz/img/icon/user.svg]
[khaddo.learnhunter.xyz/img/category/category-11.png]
[khaddo.learnhunter.xyz/img/category/category3.png]
[khaddo.learnhunter.xyz/img/category/category-22.png]
[khaddo.learnhunter.xyz/img/category/category-33.png]
[khaddo.learnhunter.xyz/img/category/category-44.png]
[khaddo.learnhunter.xyz/img/category/category-55.png]
[khaddo.learnhunter.xyz/img/category/category5.png]
[khaddo.learnhunter.xyz/img/category/category7.png]
[khaddo.learnhunter.xyz/img/product/4-600x600.png]
[khaddo.learnhunter.xyz/img/sp-loading.gif]
[khaddo.learnhunter.xyz/img/product/11.png]
[khaddo.learnhunter.xyz/img/product/6-600x600.png]
[khaddo.learnhunter.xyz/img/product/8-600x600.png]
[demo2wpopal.b-cdn.net/poco/wp-content/uploads/2020/08/trust-symbols.png]
[khaddo.learnhunter.xyz/img/product/product2.png]
[khaddo.learnhunter.xyz/img/product/product3.png]
[khaddo.learnhunter.xyz/img/product/product1.png]
[khaddo.learnhunter.xyz/img/blog/insta.jpg]
[khaddo.learnhunter.xyz/img/blog/insta_img2.jpg]
[khaddo.learnhunter.xyz/img/blog/insta_img3.jpg]
[khaddo.learnhunter.xyz/img/blog/insta_img4.jpg]
[khaddo.learnhunter.xyz/img/blog/insta_img5.jpg]
[khaddo.learnhunter.xyz/img/blog/insta_img6.jpg]
[khaddo.learnhunter.xyz/img/blog/insta_img7.jpg]
[khaddo.learnhunter.xyz/img/blog/insta_img8.jpg]
[khaddo.learnhunter.xyz/img/icon/visa.png]
[khaddo.learnhunter.xyz/img/icon/discover.png]
[khaddo.learnhunter.xyz/img/icon/master_card.png]
[khaddo.learnhunter.xyz/img/icon/paypal.png]
[khaddo.learnhunter.xyz/img/icon/amarican_express.png]
[khaddo.learnhunter.xyz/js/jquery-2.1.3.min.js]
[khaddo.learnhunter.xyz/js/bootstrap.bundle.min.js]
[khaddo.learnhunter.xyz/js/timePic.js]
[khaddo.learnhunter.xyz/js/owl.carousel.min.js]
[khaddo.learnhunter.xyz/js/mixitup.min.js]
[khaddo.learnhunter.xyz/js/mixtup.js]
[khaddo.learnhunter.xyz/js/jquery.countdown.min.js]
[khaddo.learnhunter.xyz/js/smoothproducts.min.js]
[khaddo.learnhunter.xyz/category_product.html]
[khaddo.learnhunter.xyz/js/main.js]
[khaddo.learnhunter.xyz/font/icons.css]
[khaddo.learnhunter.xyz/font/fontawesome/webfonts/fa-brands-400.eot]
[khaddo.learnhunter.xyz/font/fontawesome/webfonts/fa-brands-400.woff2]
[khaddo.learnhunter.xyz/font/fontawesome/webfonts/fa-brands-400d41d.eot]
[khaddo.learnhunter.xyz/font/fontawesome/webfonts/fa-brands-400.woff]
[khaddo.learnhunter.xyz/font/fontawesome/webfonts/fa-brands-400.ttf]
[khaddo.learnhunter.xyz/font/fontawesome/webfonts/fa-regular-400.eot]
[khaddo.learnhunter.xyz/font/fontawesome/webfonts/fa-regular-400d41d.eot]
[khaddo.learnhunter.xyz/font/fontawesome/webfonts/fa-brands-400.svg]
[khaddo.learnhunter.xyz/font/fontawesome/webfonts/fa-regular-400.woff2]
[khaddo.learnhunter.xyz/font/fontawesome/webfonts/fa-regular-400.woff]
[khaddo.learnhunter.xyz/font/fontawesome/webfonts/fa-regular-400.ttf]
[khaddo.learnhunter.xyz/font/fontawesome/webfonts/fa-regular-400.svg]
[khaddo.learnhunter.xyz/font/fontawesome/webfonts/fa-solid-900.eot]
[khaddo.learnhunter.xyz/font/fontawesome/webfonts/fa-solid-900.woff2]
[khaddo.learnhunter.xyz/font/fontawesome/webfonts/fa-solid-900d41d.eot]
[khaddo.learnhunter.xyz/font/fontawesome/webfonts/fa-solid-900.woff]
[khaddo.learnhunter.xyz/font/fontawesome/webfonts/fa-solid-900.ttf]
[khaddo.learnhunter.xyz/font/fontawesome/css/all.css]
[khaddo.learnhunter.xyz/css/bootstrap.min.css]
[khaddo.learnhunter.xyz/font/fontawesome/webfonts/fa-solid-900.svg]
[khaddo.learnhunter.xyz/index-2.html]
[khaddo.learnhunter.xyz/css/owl.carousel.min.css]
[khaddo.learnhunter.xyz/css/smoothproducts.css]
[khaddo.learnhunter.xyz/css/timePic.css]
[khaddo.learnhunter.xyz/img/icon/delete.png]
[khaddo.learnhunter.xyz/img/icon/loupe.svg]
[khaddo.learnhunter.xyz/img/icon/close.png]
[khaddo.learnhunter.xyz/img/baner/slider1.jpg]
[khaddo.learnhunter.xyz/img/baner/slider_image1.jpg]
[khaddo.learnhunter.xyz/css/style.css]
[khaddo.learnhunter.xyz/css/responsive.css]
[khaddo.learnhunter.xyz/img/baner/banner.jpg]
[khaddo.learnhunter.xyz/img/icon/banner_image_1.png]
[khaddo.learnhunter.xyz/img/icon/banner_image_3.png]
[khaddo.learnhunter.xyz/img/icon/welcome_image.png]
[khaddo.learnhunter.xyz/img/baner/h1_pizza.png]
[khaddo.learnhunter.xyz/img/product/gallery_image1-min-1-768x768.jpg]
[khaddo.learnhunter.xyz/img/product/gallery_image5-min-768x768.jpg]
[khaddo.learnhunter.xyz/img/product/gallery_image2-min-1-768x768.jpg]
[khaddo.learnhunter.xyz/img/baner/slice-crispy-pizza-with-meat-cheese.jpg]
[khaddo.learnhunter.xyz/img/icon/banner_image_2.png]
[khaddo.learnhunter.xyz/img/icon/—Pngtree—fast food chicken drumstick fried_5746705.png]
[khaddo.learnhunter.xyz/img/product/img57.png]
[khaddo.learnhunter.xyz/img/product/img63.png]
[khaddo.learnhunter.xyz/img/product/meat-2.png]
[khaddo.learnhunter.xyz/img/product/pizza_1.png]
[khaddo.learnhunter.xyz/img/product/barger.png]
[khaddo.learnhunter.xyz/img/icon/shape33.png]
[khaddo.learnhunter.xyz/img/icon/shape29.png]
[khaddo.learnhunter.xyz/img/icon/shape26.png]
[khaddo.learnhunter.xyz/img/icon/shape32.png]
[khaddo.learnhunter.xyz/img/icon/pizza.svg]
[khaddo.learnhunter.xyz/img/icon/burger.svg]
[khaddo.learnhunter.xyz/img/icon/drink.svg]
[khaddo.learnhunter.xyz/img/chefc/chefc-1.jpg]
[khaddo.learnhunter.xyz/img/chefc/2 (1).jpg]
[khaddo.learnhunter.xyz/img/chefc/1 (1).jpg]
[khaddo.learnhunter.xyz/img/chefc/1.jpg]
[khaddo.learnhunter.xyz/img/user/avatar-1.jpg]
[khaddo.learnhunter.xyz/img/user/avatar-2.jpg]
[khaddo.learnhunter.xyz/img/user/avatar-3.jpg]
[khaddo.learnhunter.xyz/img/user/avatar-4.jpg]
[khaddo.learnhunter.xyz/index.html]
[khaddo.learnhunter.xyz/img/blog/welcome_image1.png]
[khaddo.learnhunter.xyz/single_product.html]
[khaddo.learnhunter.xyz/cat-by-product.html]
[khaddo.learnhunter.xyz/img/blog/1.jpg]
[khaddo.learnhunter.xyz/img/blog/2.jpg]
[khaddo.learnhunter.xyz/img/blog/3.jpg]
[khaddo.learnhunter.xyz/img/blog/4.jpg]
[khaddo.learnhunter.xyz/img/blog/5.jpg]
[khaddo.learnhunter.xyz/img/blog/6.jpg]
[khaddo.learnhunter.xyz/blog.html]
[khaddo.learnhunter.xyz/blog-single.html]
[khaddo.learnhunter.xyz/img/icon/paycart.png]
[khaddo.learnhunter.xyz/checkout.html]
[khaddo.learnhunter.xyz/cart.html]
[khaddo.learnhunter.xyz/wishlist.html]
[khaddo.learnhunter.xyz/img/product/gallery_image4-min-768x768.jpg]
[khaddo.learnhunter.xyz/profile.html]
[khaddo.learnhunter.xyz/contact.html]
[khaddo.learnhunter.xyz/img/product/8.png]
[khaddo.learnhunter.xyz/img/product/9.png]
[khaddo.learnhunter.xyz/login.html]
[khaddo.learnhunter.xyz/img/icon/chair.svg]
[khaddo.learnhunter.xyz/img/icon/shopping-cart.svg]
[khaddo.learnhunter.xyz/img/icon/menu.svg]
[khaddo.learnhunter.xyz/img/icon/home.svg]
[khaddo.learnhunter.xyz/img/icon/user.svg]
[khaddo.learnhunter.xyz/font/fontawesome/webfonts/fa-brands-400.svg]
[khaddo.learnhunter.xyz/font/fontawesome/webfonts/fa-regular-400.svg]
[khaddo.learnhunter.xyz/font/fontawesome/webfonts/fa-solid-900.svg]
[khaddo.learnhunter.xyz/index-2.html]
[khaddo.learnhunter.xyz/css/owl.video.play.html]
[khaddo.learnhunter.xyz/img/icon/loupe.svg]
[khaddo.learnhunter.xyz/category_product-2.html]
[khaddo.learnhunter.xyz/img/icon/pizza.svg]
[khaddo.learnhunter.xyz/img/icon/burger.svg]
[khaddo.learnhunter.xyz/img/icon/drink.svg]
